// Jest Snapshot v1, https://goo.gl/fbAQLP

exports[`<Task /> matches snapshot 1`] = `
<div
  className="Task-done"
  onClick={[MockFunction]}
>
  Task name
</div>
`;
